2026-08-31 18:03:30,202-INFO-Ingesting begin_inventory.csv in db
2026-08-31 18:03:42,901-INFO-Ingestion Complete
2026-08-31 18:03:42,902-INFO-Total Time Taken: 0.2170782764752706 minutes
2026-08-31 18:03:43,261-INFO-Ingesting end_inventory.csv in db
2026-08-31 18:03:45,484-INFO-Ingestion Complete
2026-08-31 18:03:45,484-INFO-Total Time Taken: 0.2601129213968913 minutes
2026-08-31 18:03:51,275-INFO-Ingesting purchases.csv in db
2026-08-31 18:04:38,090-INFO-Ingestion Complete
2026-08-31 18:04:38,090-INFO-Total Time Taken: 1.13689173857371 minutes
2026-08-31 18:04:38,213-INFO-Ingesting purchase_prices.csv in db
2026-08-31 18:04:38,371-INFO-Ingestion Complete
2026-08-31 18:04:38,371-INFO-Total Time Taken: 1.1415691335995992 minutes
2026-08-31 18:05:09,893-INFO-Ingesting sales.csv in db
2026-08-31 18:09:41,674-INFO-Ingestion Complete
2026-08-31 18:09:41,676-INFO-Total Time Taken: 6.196603083610535 minutes
2026-08-31 18:09:43,363-INFO-Ingesting vendor_invoice.csv in db
2026-08-31 18:09:43,473-INFO-Ingestion Complete
2026-08-31 18:09:43,474-INFO-Total Time Taken: 6.226604783535004 minutes
2026-09-02 22:41:55,931-INFO-Creating Vendor Summary Table.....
2026-09-02 22:42:59,717-INFO-Database connection successful.
2026-09-02 22:42:59,743-INFO-Available tables:
                   name
0       begin_inventory
1         end_inventory
2             purchases
3       purchase_prices
4                 sales
5        vendor_invoice
6  vendor_sales_summary
2026-09-02 22:42:59,743-INFO-Creating Vendor Summary Table...
2026-09-02 22:44:39,270-INFO-Vendor Summary Shape: (10692, 14)
2026-09-02 22:44:39,284-INFO-
   VendorNumber                   VendorName  Brand              Description  \
0          1128  BROWN-FORMAN CORP             1233  Jack Daniels No 7 Black   
1          4425        MARTIGNETTI COMPANIES   3405    Tito's Handmade Vodka   
2         17035  PERNOD RICARD USA             8068         Absolut 80 Proof   
3          3960  DIAGEO NORTH AMERICA INC      4261   Capt Morgan Spiced Rum   
4          3960  DIAGEO NORTH AMERICA INC      3545          Ketel One Vodka   

   PurchasePrice  ActualPrice Volume  TotalPurchaseQuantity  \
0          26.27        36.99   1750                 145080   
1          23.19        28.99   1750                 164038   
2          18.24        24.99   1750                 187407   
3          16.17        22.99   1750                 201682   
4          21.89        29.99   1750                 138109   

   TotalPurchaseDollars  TotalSalesQuantity  TotalSalesDollars  \
0            3811251.60            142049.0         5101919.51   
1            3804041.22            160247.0         4819073.49   
2            3418303.68            187140.0         4538120.60   
3            3261197.94            200412.0         4475972.88   
4            3023206.01            135838.0         4223107.62   

   TotalSalesPrice  TotalExciseTax  FreightCost  
0        672819.31       260999.20     68601.68  
1        561512.37       294438.66    144929.24  
2        461140.15       343854.07    123780.22  
3        420050.01       368242.80    257032.07  
4        545778.28       249587.83    257032.07  
2026-09-02 22:44:39,284-INFO-Cleaning Data...
2026-09-02 22:44:39,328-INFO-Clean Data Shape: (10692, 18)
2026-09-02 22:44:39,334-INFO-
   VendorNumber                VendorName  Brand              Description  \
0          1128         BROWN-FORMAN CORP   1233  Jack Daniels No 7 Black   
1          4425     MARTIGNETTI COMPANIES   3405    Tito's Handmade Vodka   
2         17035         PERNOD RICARD USA   8068         Absolut 80 Proof   
3          3960  DIAGEO NORTH AMERICA INC   4261   Capt Morgan Spiced Rum   
4          3960  DIAGEO NORTH AMERICA INC   3545          Ketel One Vodka   

   PurchasePrice  ActualPrice  Volume  TotalPurchaseQuantity  \
0          26.27        36.99  1750.0                 145080   
1          23.19        28.99  1750.0                 164038   
2          18.24        24.99  1750.0                 187407   
3          16.17        22.99  1750.0                 201682   
4          21.89        29.99  1750.0                 138109   

   TotalPurchaseDollars  TotalSalesQuantity  TotalSalesDollars  \
0            3811251.60            142049.0         5101919.51   
1            3804041.22            160247.0         4819073.49   
2            3418303.68            187140.0         4538120.60   
3            3261197.94            200412.0         4475972.88   
4            3023206.01            135838.0         4223107.62   

   TotalSalesPrice  TotalExciseTax  FreightCost  GrossProfit ProfitMargin  \
0        672819.31       260999.20     68601.68   1290667.91    25.297693   
1        561512.37       294438.66    144929.24   1015032.27     21.06281   
2        461140.15       343854.07    123780.22   1119816.92    24.675786   
3        420050.01       368242.80    257032.07   1214774.94    27.139908   
4        545778.28       249587.83    257032.07   1199901.61    28.412764   

   StockTurnover  SalesToPurchaseRatio  
0       0.979108              1.338647  
1       0.976890              1.266830  
2       0.998575              1.327594  
3       0.993703              1.372493  
4       0.983556              1.396897  
2026-09-02 22:44:39,334-INFO-Ingesting data into database...
2026-09-02 22:44:39,454-INFO-Vendor Summary Table created successfully.
2026-09-02 22:44:39,459-INFO-Database connection closed.
2026-09-03 09:58:34,917-INFO-Creating Vendor Summary Table.....
2026-09-03 09:59:34,315-INFO-Creating Vendor Summary Table.....
2026-09-03 09:59:41,468-INFO-Creating Vendor Summary Table.....
2026-09-03 10:00:13,433-INFO-Database connection successful.
2026-09-03 10:00:13,478-INFO-Available tables:
                   name
0       begin_inventory
1         end_inventory
2             purchases
3       purchase_prices
4                 sales
5        vendor_invoice
6  vendor_sales_summary
2026-09-03 10:00:13,478-INFO-Creating Vendor Summary Table...
2026-09-03 10:02:07,887-INFO-Vendor Summary Shape: (10692, 14)
2026-09-03 10:02:07,899-INFO-
   VendorNumber                   VendorName  Brand              Description  \
0          1128  BROWN-FORMAN CORP             1233  Jack Daniels No 7 Black   
1          4425        MARTIGNETTI COMPANIES   3405    Tito's Handmade Vodka   
2         17035  PERNOD RICARD USA             8068         Absolut 80 Proof   
3          3960  DIAGEO NORTH AMERICA INC      4261   Capt Morgan Spiced Rum   
4          3960  DIAGEO NORTH AMERICA INC      3545          Ketel One Vodka   

   PurchasePrice  ActualPrice Volume  TotalPurchaseQuantity  \
0          26.27        36.99   1750                 145080   
1          23.19        28.99   1750                 164038   
2          18.24        24.99   1750                 187407   
3          16.17        22.99   1750                 201682   
4          21.89        29.99   1750                 138109   

   TotalPurchaseDollars  TotalSalesQuantity  TotalSalesDollars  \
0            3811251.60            142049.0         5101919.51   
1            3804041.22            160247.0         4819073.49   
2            3418303.68            187140.0         4538120.60   
3            3261197.94            200412.0         4475972.88   
4            3023206.01            135838.0         4223107.62   

   TotalSalesPrice  TotalExciseTax  FreightCost  
0        672819.31       260999.20     68601.68  
1        561512.37       294438.66    144929.24  
2        461140.15       343854.07    123780.22  
3        420050.01       368242.80    257032.07  
4        545778.28       249587.83    257032.07  
2026-09-03 10:02:07,899-INFO-Cleaning Data...
2026-09-03 10:02:07,944-INFO-Clean Data Shape: (10692, 18)
2026-09-03 10:02:07,953-INFO-
   VendorNumber                VendorName  Brand              Description  \
0          1128         BROWN-FORMAN CORP   1233  Jack Daniels No 7 Black   
1          4425     MARTIGNETTI COMPANIES   3405    Tito's Handmade Vodka   
2         17035         PERNOD RICARD USA   8068         Absolut 80 Proof   
3          3960  DIAGEO NORTH AMERICA INC   4261   Capt Morgan Spiced Rum   
4          3960  DIAGEO NORTH AMERICA INC   3545          Ketel One Vodka   

   PurchasePrice  ActualPrice  Volume  TotalPurchaseQuantity  \
0          26.27        36.99  1750.0                 145080   
1          23.19        28.99  1750.0                 164038   
2          18.24        24.99  1750.0                 187407   
3          16.17        22.99  1750.0                 201682   
4          21.89        29.99  1750.0                 138109   

   TotalPurchaseDollars  TotalSalesQuantity  TotalSalesDollars  \
0            3811251.60            142049.0         5101919.51   
1            3804041.22            160247.0         4819073.49   
2            3418303.68            187140.0         4538120.60   
3            3261197.94            200412.0         4475972.88   
4            3023206.01            135838.0         4223107.62   

   TotalSalesPrice  TotalExciseTax  FreightCost  GrossProfit ProfitMargin  \
0        672819.31       260999.20     68601.68   1290667.91    25.297693   
1        561512.37       294438.66    144929.24   1015032.27     21.06281   
2        461140.15       343854.07    123780.22   1119816.92    24.675786   
3        420050.01       368242.80    257032.07   1214774.94    27.139908   
4        545778.28       249587.83    257032.07   1199901.61    28.412764   

   StockTurnover  SalesToPurchaseRatio  
0       0.979108              1.338647  
1       0.976890              1.266830  
2       0.998575              1.327594  
3       0.993703              1.372493  
4       0.983556              1.396897  
2026-09-03 10:02:07,954-INFO-Ingesting data into database...
2026-09-03 10:02:08,059-INFO-Vendor Summary Table created successfully.
2026-09-03 10:02:08,061-INFO-Database connection closed.
